---
source: crates/azalea-core/src/typeck/tests.rs
expression: output
---
VAR: a

TYPE:
Unit

RESULT:
false
