---
source: crates/azalea-core/src/typeck/tests.rs
expression: output
---
RESULT:
Ok(
    (),
)

ENV:
{ f := fn(y: Int) -> Int }
