---
source: crates/azalea-core/src/typeck/typecheck_tests.rs
expression: "format!(\"Result: {:#?}\\nEnv: {:#?}\", result, env)"
---
Result: Ok(
    (),
)
Env: {
    "id": Fn(
        Function {
            name: "id",
            args: [
                (
                    "x",
                    Var(
                        "x",
                    ),
                ),
            ],
            return_ty: Var(
                "x",
            ),
            body: None,
            body_expr: Some(
                Span {
                    target: Ident(
                        "x",
                    ),
                    loc: SourceLoc {
                        line: 1,
                        start: 0,
                        end: 0,
                    },
                },
            ),
        },
    ),
}
