---
source: crates/azalea-core/src/typeck/tests.rs
expression: output
---
SOURCE:
while 1==1 do let x = 5 end

RESULT:
Err(
    UnificationError(
        "Cannot unify Int with Bool",
    ),
)

ENV:
{}
