---
source: crates/azalea-core/src/typeck/tests.rs
expression: output
---
TYPE1:
ᵗList[ᵗa]

TYPE2:
ᵗList[Int]

RESULT:
Ok(
    {},
)
