---
source: crates/azalea-core/src/typeck/tests.rs
expression: output
---
VAR: a

TYPE:
Float

RESULT:
false
