---
source: crates/azalea-core/src/parse/tests.rs
expression: output
---
SOURCE:
#1abcdef

ERROR:
Error: Expected an expression
  1 > | #1abcdef
    ^
Hint: Identifiers cannot start with a special character
