---
source: crates/azalea-core/src/parse/parser_tests.rs
expression: output
---
SOURCE:
"Hello, world!

ERROR:
Error: Expected an expression
  1 > | "Hello, world!
    ^
Hint: Unterminated string literal
