---
source: crates/azalea-core/src/parse/parser_tests.rs
expression: "format!(\"{:#?}\", span)"
---
Span {
    target: Int(
        42,
    ),
    loc: SourceLoc {
        line: 1,
        start: 0,
        end: 0,
    },
}
