---
source: crates/azalea-core/src/parse/parser_tests.rs
expression: output
---
SOURCE:
"Hello, world!"

EXPRESSION:
Span {
    target: Literal(
        String(
            "\"Hello, world!\"",
        ),
    ),
    loc: SourceLoc {
        line: 1,
        start: 0,
        end: 15,
    },
}
