---
source: crates/azalea-core/src/resolver/tests.rs
expression: "format! (\"{}\", result_str)"
---
RESULT:

'y' defined with type: String
