---
source: crates/azalea-core/src/resolver/tests.rs
expression: "format! (\"ERROR:\\n\\n{}\", report)"
---
ERROR:

Error (line 1, 0:0): Undefined variable: undefined_var
