---
source: crates/azalea-core/src/resolver/tests.rs
expression: "format! (\"{}\", result_str)"
---
ERROR:

'x' is already defined
